{
  "data": {
    "zizzi": {
      "name": "Zini",
      "author": {
        "id": 789,
        "firstname": "Werner",
        "lastname": "Schulze-Erdel"
      }
    }
  }
}
