{
  "data": {
    "book": {
      "name": "El Booko",
      "title": "Bookolicious",
      "author": {
        "id": 789,
        "firstname": "",
        "lastname": ""
      }
    }
  }
}
